- - - tag: RelAnyElement
    - tag: MTApplicationJSONSQL
  - - tag: NoAgg
    - tag: MTApplicationJSONSQL

- - - tag: RelAnyElement
    - tag: MTTextCSV
  - - tag: BuiltinOvAggCsv
    - tag: MTTextCSV

- - - tag: RelAnyElement
    - tag: MTAny
  - - tag: BuiltinOvAggJson
    - tag: MTApplicationJSON

- - - tag: RelAnyElement
    - tag: MTApplicationJSON
  - - tag: BuiltinOvAggJson
    - tag: MTApplicationJSON

- - - tag: RelAnyElement
    - tag: MTGeoJSON
  - - tag: BuiltinOvAggGeoJson
    - tag: MTGeoJSON
